// Snapshot v1

exports[`Check all questions > should reproduce the options chosen in table-data-selector 1`] = `
[
  {
    "chartOptions": {
      "color": {
        "className": "large-font",
        "domain": [
          "2 - 4 Beschäftigte",
          "5 - 9 Beschäftigte",
          "10 - 19 Beschäftigte",
        ],
        "legend": true,
        "scheme": "tableau10",
        "type": "categorical",
      },
      "height": 600,
      "marginBottom": 60,
      "marginLeft": 40,
      "marks": [
        {
          "ariaLabel": "bar",
        },
        {
          "ariaLabel": "text",
        },
      ],
      "style": {
        "fontSize": "16px",
      },
      "width": 1000,
      "x": {
        "domain": [
          "GESAMT --> ",
          "Region --> Asien",
          "Region --> Europa",
          "Region --> Nordamerika",
          "Region --> Pazifik",
        ],
      },
    },
    "color_scale": "categorical",
    "color_scheme": "Tableau10",
    "colorscale_disabled": false,
    "i_tab": 0,
    "n_points": 15,
    "plot_type": "bar",
    "row_type": "%",
    "tab_title": "1. Wie viele Mitarbeiter beschäftigt Ihr Unternehmen?",
    "xy": "x",
  },
  {
    "chartOptions": {
      "color": {
        "className": "large-font",
        "domain": [
          "Kundenzufriedenheit",
          "Marktvolumen",
          "Onlineauftritte",
          "Branchenbarometer",
          "Strukturanalyse",
          "Werbewirkungsmessung",
          "Weitere",
        ],
        "legend": true,
        "scheme": "tableau10",
        "type": "categorical",
      },
      "height": 600,
      "marginBottom": 60,
      "marginLeft": 40,
      "marks": [
        {
          "ariaLabel": "bar",
        },
        {
          "ariaLabel": "text",
        },
      ],
      "style": {
        "fontSize": "16px",
      },
      "width": 1000,
      "x": {
        "domain": [
          "GESAMT --> ",
          "Region --> Asien",
          "Region --> Europa",
          "Region --> Nordamerika",
          "Region --> Pazifik",
        ],
      },
    },
    "color_scale": "categorical",
    "color_scheme": "Tableau10",
    "colorscale_disabled": true,
    "i_tab": "1",
    "n_points": 34,
    "plot_type": "bar",
    "row_type": "%",
    "tab_title": "2. Welche Art von Studien führen Sie mit dem Tabellenbandtool durch? --> DC#SELVALLAB",
    "xy": "x",
  },
  {
    "chartOptions": {
      "color": {
        "className": "large-font",
        "domain": [
          "Kundenzufriedenheit",
          "Marktvolumen",
          "Onlineauftritte",
          "Branchenbarometer",
          "Strukturanalyse",
          "Werbewirkungsmessung",
          "Weitere",
        ],
        "legend": true,
        "scheme": "tableau10",
        "type": "categorical",
      },
      "height": 600,
      "marginBottom": 60,
      "marginLeft": 40,
      "marks": [
        {
          "ariaLabel": "bar",
        },
        {
          "ariaLabel": "text",
        },
      ],
      "style": {
        "fontSize": "16px",
      },
      "width": 1000,
      "x": {
        "domain": [
          "GESAMT --> ",
          "Region --> Asien",
          "Region --> Europa",
          "Region --> Nordamerika",
          "Region --> Pazifik",
        ],
      },
    },
    "color_scale": "categorical",
    "color_scheme": "Tableau10",
    "colorscale_disabled": true,
    "i_tab": "2",
    "n_points": 35,
    "plot_type": "bar",
    "row_type": "%",
    "tab_title": "3. Wie verteilten sich die Studien prozentual auf die einzelnen Arten? --> Mittelwertüberblick",
    "xy": "x",
  },
  {
    "chartOptions": {
      "color": {
        "className": "large-font",
        "domain": [
          "Kundenzufriedenheit",
          "Marktvolumen",
        ],
        "legend": true,
        "scheme": "tableau10",
        "type": "categorical",
      },
      "height": 600,
      "marginBottom": 60,
      "marginLeft": 40,
      "marks": [
        {
          "ariaLabel": "line",
        },
        {
          "ariaLabel": "dot",
        },
      ],
      "style": {
        "fontSize": "16px",
      },
      "width": 1000,
      "x": {
        "domain": [
          "GESAMT --> ",
          "Region --> Asien",
          "Region --> Europa",
          "Region --> Nordamerika",
          "Region --> Pazifik",
        ],
      },
    },
    "color_scale": "categorical",
    "color_scheme": "Tableau10",
    "colorscale_disabled": true,
    "i_tab": "3",
    "n_points": 10,
    "plot_type": "line",
    "row_type": "%",
    "tab_title": "3. Wie verteilten sich die Studien prozentual auf die einzelnen Arten? --> Summary of Medians",
    "xy": "x",
  },
  {
    "chartOptions": {
      "color": {
        "className": "large-font",
        "domain": [
          "Kundenzufriedenheit",
          "Marktvolumen",
        ],
        "legend": true,
        "scheme": "tableau10",
        "type": "categorical",
      },
      "height": 600,
      "marginBottom": 60,
      "marginLeft": 40,
      "marks": [
        {
          "ariaLabel": "line",
        },
        {
          "ariaLabel": "dot",
        },
      ],
      "style": {
        "fontSize": "16px",
      },
      "width": 1000,
      "x": {
        "domain": [
          "GESAMT --> ",
          "Region --> Asien",
          "Region --> Europa",
          "Region --> Nordamerika",
          "Region --> Pazifik",
        ],
      },
    },
    "color_scale": "categorical",
    "color_scheme": "Tableau10",
    "colorscale_disabled": true,
    "i_tab": "4",
    "n_points": 10,
    "plot_type": "line",
    "row_type": "%",
    "tab_title": "3. Wie verteilten sich die Studien prozentual auf die einzelnen Arten? --> Mittelwertüberblick --> gewichtet mit gew",
    "xy": "x",
  },
  {
    "chartOptions": {
      "color": {
        "className": "large-font",
        "domain": [
          "ZUSAMMENFASSUNG 1-2mal",
          "ZUSAMMENFASSUNG 3-5mal",
          "ZUSAMMENFASSUNG >5mal",
        ],
        "legend": true,
        "scheme": "tableau10",
        "type": "categorical",
      },
      "height": 600,
      "marginBottom": 60,
      "marginLeft": 40,
      "marks": [
        {
          "ariaLabel": "bar",
        },
        {
          "ariaLabel": "text",
        },
      ],
      "style": {
        "fontSize": "16px",
      },
      "width": 1000,
      "x": {
        "domain": [
          "GESAMT --> ",
          "Region --> Asien",
          "Region --> Europa",
          "Region --> Nordamerika",
          "Region --> Pazifik",
        ],
      },
    },
    "color_scale": "categorical",
    "color_scheme": "Tableau10",
    "colorscale_disabled": false,
    "i_tab": "5",
    "n_points": 45,
    "plot_type": "bar",
    "row_type": "%",
    "tab_title": "4. Wie häufig haben Sie einen Tabellenband in den letzten 12 Monaten erstellen lassen?",
    "xy": "x",
  },
  {
    "chartOptions": {
      "color": {
        "className": "large-font",
        "domain": [
          "Darstellung der Daten",
          "Schnelligkeit der Umsetzung",
          "Sonstiges",
          "Freundlichkeit des Tabellenbanderstellers",
        ],
        "legend": true,
        "scheme": "tableau10",
        "type": "categorical",
      },
      "height": 600,
      "marginBottom": 60,
      "marginLeft": 40,
      "marks": [
        {
          "ariaLabel": "bar",
        },
        {
          "ariaLabel": "text",
        },
      ],
      "style": {
        "fontSize": "16px",
      },
      "width": 1000,
      "x": {
        "domain": [
          "GESAMT --> ",
          "Region --> Asien",
          "Region --> Europa",
          "Region --> Nordamerika",
          "Region --> Pazifik",
        ],
      },
    },
    "color_scale": "categorical",
    "color_scheme": "Tableau10",
    "colorscale_disabled": true,
    "i_tab": "6",
    "n_points": 20,
    "plot_type": "bar",
    "row_type": "%",
    "tab_title": "5. Was lief besonders gut in den Projekten?",
    "xy": "x",
  },
  null,
  {
    "chartOptions": {
      "color": {
        "className": "large-font",
        "domain": [
          "Schnelle Umsetzung",
          "Kurzfristige Anpassungen",
          "Korrektheit der Daten",
          "Freundlichkeit der Tabellenbandersteller",
          "Langfristige Zusammenarbeit",
          "Gute telefonische Erreichbarkeit",
          "Wochenenderreichbarkeit",
          "Einhaltung von Zusagen",
        ],
        "legend": true,
        "scheme": "tableau10",
        "type": "categorical",
      },
      "height": 600,
      "marginBottom": 60,
      "marginLeft": 40,
      "marks": [
        {
          "ariaLabel": "line",
        },
        {
          "ariaLabel": "dot",
        },
      ],
      "style": {
        "fontSize": "16px",
      },
      "width": 1000,
      "x": {
        "domain": [
          "GESAMT --> ",
          "Region --> Asien",
          "Region --> Europa",
          "Region --> Nordamerika",
          "Region --> Pazifik",
        ],
      },
    },
    "color_scale": "categorical",
    "color_scheme": "Tableau10",
    "colorscale_disabled": true,
    "i_tab": "8",
    "n_points": 40,
    "plot_type": "line",
    "row_type": "%",
    "tab_title": "6. Ich nenne Ihnen gleich einige generelle Merkmale, die bei quantitativen Forschungsprojekten eine Rolle spielen. Bitte stufen Sie die Wichtigkeit ein. --> TOP2-Übersicht",
    "xy": "x",
  },
  {
    "chartOptions": {
      "color": {
        "className": "large-font",
        "domain": [
          "Schnelle Umsetzung",
          "Kurzfristige Anpassungen",
          "Korrektheit der Daten",
          "Freundlichkeit der Tabellenbandersteller",
          "Langfristige Zusammenarbeit",
          "Gute telefonische Erreichbarkeit",
          "Wochenenderreichbarkeit",
          "Einhaltung von Zusagen",
        ],
        "legend": true,
        "scheme": "tableau10",
        "type": "categorical",
      },
      "height": 600,
      "marginBottom": 60,
      "marginLeft": 40,
      "marks": [
        {
          "ariaLabel": "line",
        },
        {
          "ariaLabel": "dot",
        },
      ],
      "style": {
        "fontSize": "16px",
      },
      "width": 1000,
      "x": {
        "domain": [
          "GESAMT --> ",
          "Region --> Asien",
          "Region --> Europa",
          "Region --> Nordamerika",
          "Region --> Pazifik",
        ],
      },
    },
    "color_scale": "categorical",
    "color_scheme": "Tableau10",
    "colorscale_disabled": true,
    "i_tab": "9",
    "n_points": 40,
    "plot_type": "line",
    "row_type": "%",
    "tab_title": "6. Ich nenne Ihnen gleich einige generelle Merkmale, die bei quantitativen Forschungsprojekten eine Rolle spielen. Bitte stufen Sie die Wichtigkeit ein. --> TOP1-Übersicht",
    "xy": "x",
  },
  {
    "chartOptions": {
      "color": {
        "className": "large-font",
        "domain": [
          2,
          3,
          4,
          5,
        ],
        "legend": true,
        "scheme": "turbo",
        "type": "linear",
      },
      "height": 600,
      "marginBottom": 60,
      "marginLeft": 40,
      "marks": [
        {
          "ariaLabel": "bar",
        },
      ],
      "style": {
        "fontSize": "16px",
      },
      "width": 1000,
      "x": {
        "domain": [
          "GESAMT --> ",
          "Region --> Asien",
          "Region --> Europa",
          "Region --> Nordamerika",
          "Region --> Pazifik",
        ],
      },
    },
    "color_scale": "ordinal",
    "color_scheme": "Turbo",
    "colorscale_disabled": false,
    "i_tab": "10",
    "n_points": 17,
    "plot_type": "bar",
    "row_type": "%",
    "tab_title": "6. Ich nenne Ihnen gleich einige generelle Merkmale, die bei quantitativen Forschungsprojekten eine Rolle spielen. Bitte stufen Sie die Wichtigkeit ein.",
    "xy": "x",
  },
  {
    "chartOptions": {
      "color": {
        "className": "large-font",
        "domain": [
          2,
          5,
          6,
          7,
          8,
          9,
          10,
        ],
        "legend": true,
        "scheme": "turbo",
        "type": "linear",
      },
      "height": 600,
      "marginBottom": 60,
      "marginLeft": 40,
      "marks": [
        {
          "ariaLabel": "bar",
        },
      ],
      "style": {
        "fontSize": "16px",
      },
      "width": 1000,
      "x": {
        "domain": [
          "GESAMT --> ",
          "Region --> Asien",
          "Region --> Europa",
          "Region --> Nordamerika",
          "Region --> Pazifik",
        ],
      },
    },
    "color_scale": "ordinal",
    "color_scheme": "Turbo",
    "colorscale_disabled": false,
    "i_tab": "11",
    "n_points": 26,
    "plot_type": "bar",
    "row_type": "%",
    "tab_title": "9. Würden Sie das Tabellenbandtool weiterempfehlen? --> Kundenzufriedenheit",
    "xy": "x",
  },
  {
    "chartOptions": {
      "color": {
        "className": "large-font",
        "domain": [
          2,
          5,
          6,
          7,
          8,
          9,
          10,
        ],
        "legend": true,
        "scheme": "turbo",
        "type": "linear",
      },
      "height": 600,
      "marginBottom": 60,
      "marginLeft": 40,
      "marks": [
        {
          "ariaLabel": "bar",
        },
      ],
      "style": {
        "fontSize": "16px",
      },
      "width": 1000,
      "x": {
        "domain": [
          "GESAMT --> ",
          "Region --> Asien",
          "Region --> Europa",
          "Region --> Nordamerika",
          "Region --> Pazifik",
        ],
      },
    },
    "color_scale": "ordinal",
    "color_scheme": "Turbo",
    "colorscale_disabled": false,
    "i_tab": "12",
    "n_points": 24,
    "plot_type": "bar",
    "row_type": "%",
    "tab_title": "9. Würden Sie das Tabellenbandtool weiterempfehlen? --> Marktvolumen",
    "xy": "x",
  },
  {
    "chartOptions": {
      "color": {
        "className": "large-font",
        "domain": [
          5,
          6,
          7,
          8,
          9,
          10,
        ],
        "legend": true,
        "scheme": "turbo",
        "type": "linear",
      },
      "height": 600,
      "marginBottom": 60,
      "marginLeft": 40,
      "marks": [
        {
          "ariaLabel": "bar",
        },
      ],
      "style": {
        "fontSize": "16px",
      },
      "width": 1000,
      "x": {
        "domain": [
          "GESAMT --> ",
          "Region --> Asien",
          "Region --> Europa",
          "Region --> Nordamerika",
          "Region --> Pazifik",
        ],
      },
    },
    "color_scale": "ordinal",
    "color_scheme": "Turbo",
    "colorscale_disabled": false,
    "i_tab": "13",
    "n_points": 21,
    "plot_type": "bar",
    "row_type": "%",
    "tab_title": "9. Würden Sie das Tabellenbandtool weiterempfehlen? --> Sonstige",
    "xy": "x",
  },
  {
    "chartOptions": {
      "color": {
        "className": "large-font",
        "domain": [
          "Kundenzufriedenheit",
          "Onlineauftritte",
          "Strukturanalyse",
        ],
        "legend": true,
        "scheme": "tableau10",
        "type": "categorical",
      },
      "height": 600,
      "marginBottom": 60,
      "marginLeft": 40,
      "marks": [
        {
          "ariaLabel": "bar",
        },
        {
          "ariaLabel": "text",
        },
      ],
      "style": {
        "fontSize": "16px",
      },
      "width": 1000,
      "x": {
        "domain": [
          "GESAMT --> ",
          "Region --> Asien",
          "Region --> Europa",
          "Region --> Nordamerika",
          "Region --> Pazifik",
        ],
      },
    },
    "color_scale": "categorical",
    "color_scheme": "Tableau10",
    "colorscale_disabled": true,
    "i_tab": "14",
    "n_points": 15,
    "plot_type": "bar",
    "row_type": "%",
    "tab_title": "NOT CHECKED: 2. Welche Art von Studien führen Sie mit dem Tabellenbandtool durch? --> Kundenzufriedenheit",
    "xy": "x",
  },
  {
    "chartOptions": {
      "color": {
        "className": "large-font",
        "domain": [
          "Kundenzufriedenheit",
          "Onlineauftritte",
        ],
        "legend": true,
        "scheme": "tableau10",
        "type": "categorical",
      },
      "height": 600,
      "marginBottom": 60,
      "marginLeft": 40,
      "marks": [
        {
          "ariaLabel": "bar",
        },
        {
          "ariaLabel": "text",
        },
      ],
      "style": {
        "fontSize": "16px",
      },
      "width": 1000,
      "x": {
        "domain": [
          "GESAMT --> ",
          "Region --> Asien",
          "Region --> Europa",
          "Region --> Nordamerika",
          "Region --> Pazifik",
        ],
      },
    },
    "color_scale": "categorical",
    "color_scheme": "Tableau10",
    "colorscale_disabled": true,
    "i_tab": "15",
    "n_points": 10,
    "plot_type": "bar",
    "row_type": "%",
    "tab_title": "NOT CHECKED: 2. Welche Art von Studien führen Sie mit dem Tabellenbandtool durch? --> Marktvolumen",
    "xy": "x",
  },
  {
    "chartOptions": {
      "color": {
        "className": "large-font",
        "domain": [
          "Kundenzufriedenheit",
          "Onlineauftritte",
          "Strukturanalyse",
        ],
        "legend": true,
        "scheme": "tableau10",
        "type": "categorical",
      },
      "height": 600,
      "marginBottom": 60,
      "marginLeft": 40,
      "marks": [
        {
          "ariaLabel": "bar",
        },
        {
          "ariaLabel": "text",
        },
      ],
      "style": {
        "fontSize": "16px",
      },
      "width": 1000,
      "x": {
        "domain": [
          "GESAMT --> ",
          "Region --> Asien",
          "Region --> Europa",
          "Region --> Nordamerika",
          "Region --> Pazifik",
        ],
      },
    },
    "color_scale": "categorical",
    "color_scheme": "Tableau10",
    "colorscale_disabled": true,
    "i_tab": "16",
    "n_points": 12,
    "plot_type": "bar",
    "row_type": "%",
    "tab_title": "NOT CHECKED: 2. Welche Art von Studien führen Sie mit dem Tabellenbandtool durch? --> Sonstige",
    "xy": "x",
  },
  {
    "chartOptions": {
      "color": {
        "className": "large-font",
        "domain": [
          "Kundenzufriedenheit",
          "Onlineauftritte",
        ],
        "legend": true,
        "scheme": "tableau10",
        "type": "categorical",
      },
      "height": 600,
      "marginBottom": 60,
      "marginLeft": 40,
      "marks": [
        {
          "ariaLabel": "bar",
        },
        {
          "ariaLabel": "text",
        },
      ],
      "style": {
        "fontSize": "16px",
      },
      "width": 1000,
      "x": {
        "domain": [
          "GESAMT --> ",
          "Region --> Asien",
          "Region --> Europa",
          "Region --> Nordamerika",
          "Region --> Pazifik",
        ],
      },
    },
    "color_scale": "categorical",
    "color_scheme": "Tableau10",
    "colorscale_disabled": true,
    "i_tab": "17",
    "n_points": 8,
    "plot_type": "bar",
    "row_type": "%",
    "tab_title": "multi selvar with unguelt: 2. Welche Art von Studien führen Sie mit dem Tabellenbandtool durch? --> Sonstige",
    "xy": "x",
  },
  {
    "chartOptions": {
      "color": {
        "className": "large-font",
        "domain": [
          "Werbewirkungsmessung",
        ],
        "legend": true,
        "scheme": "tableau10",
        "type": "categorical",
      },
      "height": 600,
      "marginBottom": 60,
      "marginLeft": 40,
      "marks": [
        {
          "ariaLabel": "bar",
        },
        {
          "ariaLabel": "text",
        },
      ],
      "style": {
        "fontSize": "16px",
      },
      "width": 1000,
      "x": {
        "domain": [
          "GESAMT --> ",
          "Region --> Europa",
          "Region --> Nordamerika",
          "Region --> Pazifik",
        ],
      },
    },
    "color_scale": "categorical",
    "color_scheme": "Tableau10",
    "colorscale_disabled": true,
    "i_tab": "18",
    "n_points": 4,
    "plot_type": "bar",
    "row_type": "%",
    "tab_title": "trigger invalid values: 2. Welche Art von Studien führen Sie mit dem Tabellenbandtool durch?",
    "xy": "x",
  },
  {
    "chartOptions": {
      "color": {
        "className": "large-font",
        "domain": [
          "Darstellung der Daten",
          "Sonstiges",
          "Schnelligkeit der Umsetzung",
          "Freundlichkeit des Tabellenbanderstellers",
        ],
        "legend": true,
        "scheme": "tableau10",
        "type": "categorical",
      },
      "height": 600,
      "marginBottom": 60,
      "marginLeft": 40,
      "marks": [
        {
          "ariaLabel": "bar",
        },
        {
          "ariaLabel": "text",
        },
      ],
      "style": {
        "fontSize": "16px",
      },
      "width": 1000,
      "x": {
        "domain": [
          "GESAMT --> ",
          "Region --> Asien",
          "Region --> Europa",
          "Region --> Nordamerika",
          "Region --> Pazifik",
        ],
      },
    },
    "color_scale": "categorical",
    "color_scheme": "Tableau10",
    "colorscale_disabled": true,
    "i_tab": "19",
    "n_points": 17,
    "plot_type": "bar",
    "row_type": "%",
    "tab_title": "NOT CHECKED: 5. Was lief besonders gut in den Projekten? --> Kundenzufriedenheit",
    "xy": "x",
  },
  {
    "chartOptions": {
      "color": {
        "className": "large-font",
        "domain": [
          "Schnelligkeit der Umsetzung",
          "Freundlichkeit des Tabellenbanderstellers",
          "Darstellung der Daten",
        ],
        "legend": true,
        "scheme": "tableau10",
        "type": "categorical",
      },
      "height": 600,
      "marginBottom": 60,
      "marginLeft": 40,
      "marks": [
        {
          "ariaLabel": "bar",
        },
        {
          "ariaLabel": "text",
        },
      ],
      "style": {
        "fontSize": "16px",
      },
      "width": 1000,
      "x": {
        "domain": [
          "GESAMT --> ",
          "Region --> Asien",
          "Region --> Europa",
          "Region --> Nordamerika",
          "Region --> Pazifik",
        ],
      },
    },
    "color_scale": "categorical",
    "color_scheme": "Tableau10",
    "colorscale_disabled": true,
    "i_tab": "20",
    "n_points": 8,
    "plot_type": "bar",
    "row_type": "%",
    "tab_title": "NOT CHECKED: 5. Was lief besonders gut in den Projekten? --> Marktvolumen",
    "xy": "x",
  },
  {
    "chartOptions": {
      "color": {
        "className": "large-font",
        "domain": [
          "Darstellung der Daten",
          "Freundlichkeit des Tabellenbanderstellers",
          "Schnelligkeit der Umsetzung",
        ],
        "legend": true,
        "scheme": "tableau10",
        "type": "categorical",
      },
      "height": 600,
      "marginBottom": 60,
      "marginLeft": 40,
      "marks": [
        {
          "ariaLabel": "bar",
        },
        {
          "ariaLabel": "text",
        },
      ],
      "style": {
        "fontSize": "16px",
      },
      "width": 1000,
      "x": {
        "domain": [
          "GESAMT --> ",
          "Region --> Asien",
          "Region --> Europa",
          "Region --> Nordamerika",
          "Region --> Pazifik",
        ],
      },
    },
    "color_scale": "categorical",
    "color_scheme": "Tableau10",
    "colorscale_disabled": true,
    "i_tab": "21",
    "n_points": 8,
    "plot_type": "bar",
    "row_type": "%",
    "tab_title": "NOT CHECKED: 5. Was lief besonders gut in den Projekten? --> Sonstige",
    "xy": "x",
  },
  {
    "chartOptions": {
      "color": {
        "className": "large-font",
        "domain": [
          "Schnelle Umsetzung",
          "Kurzfristige Anpassungen",
        ],
        "legend": true,
        "scheme": "tableau10",
        "type": "categorical",
      },
      "height": 600,
      "marginBottom": 60,
      "marginLeft": 40,
      "marks": [
        {
          "ariaLabel": "line",
        },
        {
          "ariaLabel": "dot",
        },
      ],
      "style": {
        "fontSize": "16px",
      },
      "width": 1000,
      "x": {
        "domain": [
          "GESAMT --> ",
          "Region --> Asien",
          "Region --> Europa",
          "Region --> Nordamerika",
          "Region --> Pazifik",
        ],
      },
    },
    "color_scale": "categorical",
    "color_scheme": "Tableau10",
    "colorscale_disabled": true,
    "i_tab": "22",
    "n_points": 10,
    "plot_type": "line",
    "row_type": "%",
    "tab_title": "7. Für die abgefragten Studienarten: Wie zufrieden sind Sie mit dem Tabellenbandtool bezüglich der eben abgefragten Merkmale? --> Marktvolumen --> TOP3-Übersicht",
    "xy": "x",
  },
  {
    "chartOptions": {
      "color": {
        "className": "large-font",
        "domain": [
          "Schnelle Umsetzung",
          "Kurzfristige Anpassungen",
        ],
        "legend": true,
        "scheme": "tableau10",
        "type": "categorical",
      },
      "height": 600,
      "marginBottom": 60,
      "marginLeft": 40,
      "marks": [
        {
          "ariaLabel": "line",
        },
        {
          "ariaLabel": "dot",
        },
      ],
      "style": {
        "fontSize": "16px",
      },
      "width": 1000,
      "x": {
        "domain": [
          "GESAMT --> ",
          "Region --> Asien",
          "Region --> Europa",
          "Region --> Nordamerika",
          "Region --> Pazifik",
        ],
      },
    },
    "color_scale": "categorical",
    "color_scheme": "Tableau10",
    "colorscale_disabled": true,
    "i_tab": "23",
    "n_points": 10,
    "plot_type": "line",
    "row_type": "%",
    "tab_title": "7. Für die abgefragten Studienarten: Wie zufrieden sind Sie mit dem Tabellenbandtool bezüglich der eben abgefragten Merkmale? --> Marktvolumen --> Mittelwertüberblick",
    "xy": "x",
  },
  {
    "chartOptions": {
      "color": {
        "className": "large-font",
        "domain": [
          1,
          2,
          3,
          4,
          5,
          6,
          7,
          8,
          9,
          10,
        ],
        "legend": true,
        "scheme": "turbo",
        "type": "linear",
      },
      "height": 600,
      "marginBottom": 60,
      "marginLeft": 40,
      "marks": [
        {
          "ariaLabel": "bar",
        },
      ],
      "style": {
        "fontSize": "16px",
      },
      "width": 1000,
      "x": {
        "domain": [
          "GESAMT --> ",
          "Region --> Asien",
          "Region --> Europa",
          "Region --> Nordamerika",
          "Region --> Pazifik",
        ],
      },
    },
    "color_scale": "ordinal",
    "color_scheme": "Turbo",
    "colorscale_disabled": false,
    "i_tab": "24",
    "n_points": 64,
    "plot_type": "bar",
    "row_type": "%",
    "tab_title": "7. Für die abgefragten Studienarten: Wie zufrieden sind Sie mit dem Tabellenbandtool bezüglich der eben abgefragten Merkmale? --> Marktvolumen --> Schnelle Umsetzung",
    "xy": "x",
  },
  {
    "chartOptions": {
      "color": {
        "className": "large-font",
        "domain": [
          2,
          3,
          4,
          5,
          6,
          7,
          8,
          9,
          10,
        ],
        "legend": true,
        "scheme": "turbo",
        "type": "linear",
      },
      "height": 600,
      "marginBottom": 60,
      "marginLeft": 40,
      "marks": [
        {
          "ariaLabel": "bar",
        },
      ],
      "style": {
        "fontSize": "16px",
      },
      "width": 1000,
      "x": {
        "domain": [
          "GESAMT --> ",
          "Region --> Asien",
          "Region --> Europa",
          "Region --> Nordamerika",
          "Region --> Pazifik",
        ],
      },
    },
    "color_scale": "ordinal",
    "color_scheme": "Turbo",
    "colorscale_disabled": false,
    "i_tab": "25",
    "n_points": 56,
    "plot_type": "bar",
    "row_type": "%",
    "tab_title": "7. Für die abgefragten Studienarten: Wie zufrieden sind Sie mit dem Tabellenbandtool bezüglich der eben abgefragten Merkmale? --> Marktvolumen --> Kurzfristige Anpassungen",
    "xy": "x",
  },
  {
    "chartOptions": {
      "color": {
        "className": "large-font",
        "domain": [
          "Schnelle Umsetzung",
          "Kurzfristige Anpassungen",
        ],
        "legend": true,
        "scheme": "tableau10",
        "type": "categorical",
      },
      "height": 600,
      "marginBottom": 60,
      "marginLeft": 40,
      "marks": [
        {
          "ariaLabel": "line",
        },
        {
          "ariaLabel": "dot",
        },
      ],
      "style": {
        "fontSize": "16px",
      },
      "width": 1000,
      "x": {
        "domain": [
          "GESAMT --> ",
          "Region --> Asien",
          "Region --> Europa",
          "Region --> Nordamerika",
          "Region --> Pazifik",
        ],
      },
    },
    "color_scale": "categorical",
    "color_scheme": "Tableau10",
    "colorscale_disabled": true,
    "i_tab": "26",
    "n_points": 10,
    "plot_type": "line",
    "row_type": "%",
    "tab_title": "7. Für die abgefragten Studienarten: Wie zufrieden sind Sie mit dem Tabellenbandtool bezüglich der eben abgefragten Merkmale? --> Sonstige --> TOP3-Übersicht",
    "xy": "x",
  },
  {
    "chartOptions": {
      "color": {
        "className": "large-font",
        "domain": [
          "Schnelle Umsetzung",
          "Kurzfristige Anpassungen",
        ],
        "legend": true,
        "scheme": "tableau10",
        "type": "categorical",
      },
      "height": 600,
      "marginBottom": 60,
      "marginLeft": 40,
      "marks": [
        {
          "ariaLabel": "line",
        },
        {
          "ariaLabel": "dot",
        },
      ],
      "style": {
        "fontSize": "16px",
      },
      "width": 1000,
      "x": {
        "domain": [
          "GESAMT --> ",
          "Region --> Asien",
          "Region --> Europa",
          "Region --> Nordamerika",
          "Region --> Pazifik",
        ],
      },
    },
    "color_scale": "categorical",
    "color_scheme": "Tableau10",
    "colorscale_disabled": true,
    "i_tab": "27",
    "n_points": 10,
    "plot_type": "line",
    "row_type": "%",
    "tab_title": "7. Für die abgefragten Studienarten: Wie zufrieden sind Sie mit dem Tabellenbandtool bezüglich der eben abgefragten Merkmale? --> Sonstige --> Mittelwertüberblick",
    "xy": "x",
  },
  {
    "chartOptions": {
      "color": {
        "className": "large-font",
        "domain": [
          1,
          2,
          3,
          4,
          5,
          6,
          7,
          8,
          9,
          10,
        ],
        "legend": true,
        "scheme": "turbo",
        "type": "linear",
      },
      "height": 600,
      "marginBottom": 60,
      "marginLeft": 40,
      "marks": [
        {
          "ariaLabel": "bar",
        },
      ],
      "style": {
        "fontSize": "16px",
      },
      "width": 1000,
      "x": {
        "domain": [
          "GESAMT --> ",
          "Region --> Asien",
          "Region --> Europa",
          "Region --> Nordamerika",
          "Region --> Pazifik",
        ],
      },
    },
    "color_scale": "ordinal",
    "color_scheme": "Turbo",
    "colorscale_disabled": false,
    "i_tab": "28",
    "n_points": 64,
    "plot_type": "bar",
    "row_type": "%",
    "tab_title": "7. Für die abgefragten Studienarten: Wie zufrieden sind Sie mit dem Tabellenbandtool bezüglich der eben abgefragten Merkmale? --> Sonstige --> Schnelle Umsetzung",
    "xy": "x",
  },
  {
    "chartOptions": {
      "color": {
        "className": "large-font",
        "domain": [
          3,
          4,
          5,
          6,
          7,
          8,
          9,
          10,
        ],
        "legend": true,
        "scheme": "turbo",
        "type": "linear",
      },
      "height": 600,
      "marginBottom": 60,
      "marginLeft": 40,
      "marks": [
        {
          "ariaLabel": "bar",
        },
      ],
      "style": {
        "fontSize": "16px",
      },
      "width": 1000,
      "x": {
        "domain": [
          "GESAMT --> ",
          "Region --> Asien",
          "Region --> Europa",
          "Region --> Nordamerika",
          "Region --> Pazifik",
        ],
      },
    },
    "color_scale": "ordinal",
    "color_scheme": "Turbo",
    "colorscale_disabled": false,
    "i_tab": "29",
    "n_points": 58,
    "plot_type": "bar",
    "row_type": "%",
    "tab_title": "7. Für die abgefragten Studienarten: Wie zufrieden sind Sie mit dem Tabellenbandtool bezüglich der eben abgefragten Merkmale? --> Sonstige --> Kurzfristige Anpassungen",
    "xy": "x",
  },
]
`;
