// Snapshot v1

exports[`Check all questions > should reproduce the options chosen in table-data-selector 1`] = `
[
  {
    "colorscale_disabled": false,
    "n_points": 15,
    "plot_type": "bar",
    "row_type": "%",
    "tab_nos": 0,
    "title_table": {
      "TabTitle": "1. Wie viele Mitarbeiter beschäftigt Ihr Unternehmen?",
      "i_tab": 0,
    },
    "xy": "x",
  },
  {
    "colorscale_disabled": true,
    "n_points": 34,
    "plot_type": "bar",
    "row_type": "%",
    "tab_nos": "1",
    "title_table": {
      "TabTitle": "2. Welche Art von Studien führen Sie mit dem Tabellenbandtool durch? --> DC#SELVALLAB",
      "i_tab": 1,
    },
    "xy": "x",
  },
  {
    "colorscale_disabled": true,
    "n_points": 35,
    "plot_type": "bar",
    "row_type": "%",
    "tab_nos": "2",
    "title_table": {
      "TabTitle": "3. Wie verteilten sich die Studien prozentual auf die einzelnen Arten? --> Mittelwertüberblick",
      "i_tab": 2,
    },
    "xy": "x",
  },
  {
    "colorscale_disabled": true,
    "n_points": 10,
    "plot_type": "line",
    "row_type": "%",
    "tab_nos": "3",
    "title_table": {
      "TabTitle": "3. Wie verteilten sich die Studien prozentual auf die einzelnen Arten? --> Summary of Medians",
      "i_tab": 3,
    },
    "xy": "x",
  },
  {
    "colorscale_disabled": true,
    "n_points": 10,
    "plot_type": "line",
    "row_type": "%",
    "tab_nos": "4",
    "title_table": {
      "TabTitle": "3. Wie verteilten sich die Studien prozentual auf die einzelnen Arten? --> Mittelwertüberblick
gewichtet mit gew",
      "i_tab": 4,
    },
    "xy": "x",
  },
  {
    "colorscale_disabled": false,
    "n_points": 45,
    "plot_type": "bar",
    "row_type": "%",
    "tab_nos": "5",
    "title_table": {
      "TabTitle": "4. Wie häufig haben Sie einen Tabellenband in den letzten 12 Monaten erstellen lassen?",
      "i_tab": 5,
    },
    "xy": "x",
  },
  {
    "colorscale_disabled": true,
    "n_points": 20,
    "plot_type": "bar",
    "row_type": "%",
    "tab_nos": "6",
    "title_table": {
      "TabTitle": "5. Was lief besonders gut in den Projekten?",
      "i_tab": 6,
    },
    "xy": "x",
  },
  null,
  {
    "colorscale_disabled": true,
    "n_points": 40,
    "plot_type": "line",
    "row_type": "%",
    "tab_nos": "8",
    "title_table": {
      "TabTitle": "6. Ich nenne Ihnen gleich einige generelle Merkmale, die bei quantitativen Forschungsprojekten eine Rolle spielen. Bitte stufen Sie die Wichtigkeit ein. --> TOP2-Übersicht",
      "i_tab": 8,
    },
    "xy": "x",
  },
  {
    "colorscale_disabled": true,
    "n_points": 40,
    "plot_type": "line",
    "row_type": "%",
    "tab_nos": "9",
    "title_table": {
      "TabTitle": "6. Ich nenne Ihnen gleich einige generelle Merkmale, die bei quantitativen Forschungsprojekten eine Rolle spielen. Bitte stufen Sie die Wichtigkeit ein. --> TOP1-Übersicht",
      "i_tab": 9,
    },
    "xy": "x",
  },
  {
    "colorscale_disabled": false,
    "n_points": 17,
    "plot_type": "bar",
    "row_type": "%",
    "tab_nos": "10",
    "title_table": {
      "TabTitle": "6. Ich nenne Ihnen gleich einige generelle Merkmale, die bei quantitativen Forschungsprojekten eine Rolle spielen. Bitte stufen Sie die Wichtigkeit ein.",
      "i_tab": 10,
    },
    "xy": "x",
  },
  {
    "colorscale_disabled": false,
    "n_points": 26,
    "plot_type": "bar",
    "row_type": "%",
    "tab_nos": "11",
    "title_table": {
      "TabTitle": "9. Würden Sie das Tabellenbandtool weiterempfehlen? --> Kundenzufriedenheit",
      "i_tab": 11,
    },
    "xy": "x",
  },
  {
    "colorscale_disabled": false,
    "n_points": 24,
    "plot_type": "bar",
    "row_type": "%",
    "tab_nos": "12",
    "title_table": {
      "TabTitle": "9. Würden Sie das Tabellenbandtool weiterempfehlen? --> Marktvolumen",
      "i_tab": 12,
    },
    "xy": "x",
  },
  {
    "colorscale_disabled": false,
    "n_points": 21,
    "plot_type": "bar",
    "row_type": "%",
    "tab_nos": "13",
    "title_table": {
      "TabTitle": "9. Würden Sie das Tabellenbandtool weiterempfehlen? --> Sonstige",
      "i_tab": 13,
    },
    "xy": "x",
  },
  {
    "colorscale_disabled": true,
    "n_points": 15,
    "plot_type": "bar",
    "row_type": "%",
    "tab_nos": "14",
    "title_table": {
      "TabTitle": "NOT CHECKED: 2. Welche Art von Studien führen Sie mit dem Tabellenbandtool durch? --> Kundenzufriedenheit",
      "i_tab": 14,
    },
    "xy": "x",
  },
  {
    "colorscale_disabled": true,
    "n_points": 10,
    "plot_type": "bar",
    "row_type": "%",
    "tab_nos": "15",
    "title_table": {
      "TabTitle": "NOT CHECKED: 2. Welche Art von Studien führen Sie mit dem Tabellenbandtool durch? --> Marktvolumen",
      "i_tab": 15,
    },
    "xy": "x",
  },
  {
    "colorscale_disabled": true,
    "n_points": 12,
    "plot_type": "bar",
    "row_type": "%",
    "tab_nos": "16",
    "title_table": {
      "TabTitle": "NOT CHECKED: 2. Welche Art von Studien führen Sie mit dem Tabellenbandtool durch? --> Sonstige",
      "i_tab": 16,
    },
    "xy": "x",
  },
  {
    "colorscale_disabled": true,
    "n_points": 8,
    "plot_type": "bar",
    "row_type": "%",
    "tab_nos": "17",
    "title_table": {
      "TabTitle": "multi selvar with unguelt: 2. Welche Art von Studien führen Sie mit dem Tabellenbandtool durch? --> Sonstige",
      "i_tab": 17,
    },
    "xy": "x",
  },
  {
    "colorscale_disabled": true,
    "n_points": 4,
    "plot_type": "bar",
    "row_type": "%",
    "tab_nos": "18",
    "title_table": {
      "TabTitle": "trigger invalid values: 2. Welche Art von Studien führen Sie mit dem Tabellenbandtool durch?",
      "i_tab": 18,
    },
    "xy": "x",
  },
  {
    "colorscale_disabled": true,
    "n_points": 17,
    "plot_type": "bar",
    "row_type": "%",
    "tab_nos": "19",
    "title_table": {
      "TabTitle": "NOT CHECKED: 5. Was lief besonders gut in den Projekten? --> Kundenzufriedenheit",
      "i_tab": 19,
    },
    "xy": "x",
  },
  {
    "colorscale_disabled": true,
    "n_points": 8,
    "plot_type": "bar",
    "row_type": "%",
    "tab_nos": "20",
    "title_table": {
      "TabTitle": "NOT CHECKED: 5. Was lief besonders gut in den Projekten? --> Marktvolumen",
      "i_tab": 20,
    },
    "xy": "x",
  },
  {
    "colorscale_disabled": true,
    "n_points": 8,
    "plot_type": "bar",
    "row_type": "%",
    "tab_nos": "21",
    "title_table": {
      "TabTitle": "NOT CHECKED: 5. Was lief besonders gut in den Projekten? --> Sonstige",
      "i_tab": 21,
    },
    "xy": "x",
  },
  {
    "colorscale_disabled": true,
    "n_points": 10,
    "plot_type": "line",
    "row_type": "%",
    "tab_nos": "22",
    "title_table": {
      "TabTitle": "7. Für die abgefragten Studienarten: Wie zufrieden sind Sie mit dem Tabellenbandtool bezüglich der eben abgefragten Merkmale? --> Marktvolumen
TOP3-Übersicht",
      "i_tab": 22,
    },
    "xy": "x",
  },
  {
    "colorscale_disabled": true,
    "n_points": 10,
    "plot_type": "line",
    "row_type": "%",
    "tab_nos": "23",
    "title_table": {
      "TabTitle": "7. Für die abgefragten Studienarten: Wie zufrieden sind Sie mit dem Tabellenbandtool bezüglich der eben abgefragten Merkmale? --> Marktvolumen
Mittelwertüberblick",
      "i_tab": 23,
    },
    "xy": "x",
  },
  {
    "colorscale_disabled": false,
    "n_points": 64,
    "plot_type": "bar",
    "row_type": "%",
    "tab_nos": "24",
    "title_table": {
      "TabTitle": "7. Für die abgefragten Studienarten: Wie zufrieden sind Sie mit dem Tabellenbandtool bezüglich der eben abgefragten Merkmale? --> Marktvolumen
Schnelle Umsetzung",
      "i_tab": 24,
    },
    "xy": "x",
  },
  {
    "colorscale_disabled": false,
    "n_points": 56,
    "plot_type": "bar",
    "row_type": "%",
    "tab_nos": "25",
    "title_table": {
      "TabTitle": "7. Für die abgefragten Studienarten: Wie zufrieden sind Sie mit dem Tabellenbandtool bezüglich der eben abgefragten Merkmale? --> Marktvolumen
Kurzfristige Anpassungen",
      "i_tab": 25,
    },
    "xy": "x",
  },
  {
    "colorscale_disabled": true,
    "n_points": 10,
    "plot_type": "line",
    "row_type": "%",
    "tab_nos": "26",
    "title_table": {
      "TabTitle": "7. Für die abgefragten Studienarten: Wie zufrieden sind Sie mit dem Tabellenbandtool bezüglich der eben abgefragten Merkmale? --> Sonstige
TOP3-Übersicht",
      "i_tab": 26,
    },
    "xy": "x",
  },
  {
    "colorscale_disabled": true,
    "n_points": 10,
    "plot_type": "line",
    "row_type": "%",
    "tab_nos": "27",
    "title_table": {
      "TabTitle": "7. Für die abgefragten Studienarten: Wie zufrieden sind Sie mit dem Tabellenbandtool bezüglich der eben abgefragten Merkmale? --> Sonstige
Mittelwertüberblick",
      "i_tab": 27,
    },
    "xy": "x",
  },
  {
    "colorscale_disabled": false,
    "n_points": 64,
    "plot_type": "bar",
    "row_type": "%",
    "tab_nos": "28",
    "title_table": {
      "TabTitle": "7. Für die abgefragten Studienarten: Wie zufrieden sind Sie mit dem Tabellenbandtool bezüglich der eben abgefragten Merkmale? --> Sonstige
Schnelle Umsetzung",
      "i_tab": 28,
    },
    "xy": "x",
  },
  {
    "colorscale_disabled": false,
    "n_points": 58,
    "plot_type": "bar",
    "row_type": "%",
    "tab_nos": "29",
    "title_table": {
      "TabTitle": "7. Für die abgefragten Studienarten: Wie zufrieden sind Sie mit dem Tabellenbandtool bezüglich der eben abgefragten Merkmale? --> Sonstige
Kurzfristige Anpassungen",
      "i_tab": 29,
    },
    "xy": "x",
  },
]
`;
